grund_config_version = 1
project_name = "root"
project_description = "Root workspace"

[reference]
marker = "§"
trigger = "$$"
strict = true
require_grounding = false
inline_style = "citation-with-note"
inline_note_suggested_lines = 1
inline_note_max_lines = 3
inline_note_max_columns = 100
warn_on_suggested = false

[id]
format = "{kind}-{slug}"
section_separator = "."
section_heading_levels = "strict"
slug_pattern = "[a-z][a-z0-9-]*"

[[kinds]]
prefix = "GRUND"
file = "docs/grund.md"
title = "Why: project motivation"

[[kinds]]
prefix = "GOAL"
file = "docs/goals.md"
title = "Where: project direction and outcomes"

[[kinds]]
prefix = "FS"
folder = "docs/functional-spec"
title = "What: behavior, requirements, and constraints"

[[kinds]]
prefix = "AR"
folder = "docs/architecture"
title = "How: high-level implementation, structure, and design"

[[kinds]]
prefix = "DF"
folder = "docs/decisions/functional"
title = "Product behavior decisions and tradeoffs"

[[kinds]]
prefix = "DA"
folder = "docs/decisions/architectural"
title = "Architecture decisions and tradeoffs"

[[kinds]]
prefix = "E2E"
folder = "e2e/cases"
title = "Executable user scenarios"

[[kinds]]
prefix = "RM"
file = "docs/roadmap.md"
title = "Planned milestones and sequencing"

[scan]
include = ["docs"]
exclude = ["target", "node_modules", ".git", "dist", "build", ".venv"]
extensions = ["md", "rs", "go", "java", "kt", "ts", "tsx", "js", "py", "c", "cpp", "swift", "scala", "rb", "php", "cs"]
comment_prefixes = ["//", "#", ";", "--", "*", "/*"]
docstring_python = true
respect_gitignore = true

[output]
format = "text"
color = "auto"
relative_paths = true

[fmt.cross_refs]
enabled = true
anchor_format = "github"

[render.links]
conversation = "plain"

[workspace]
members = ["apps/api"]
include_root = false

[citations]
default = "may"

[citations.FS]
should = ["GOAL|FS"]
must-not = ["AR"]

[citations.code]
should = ["FS|AR"]
