# grund wezterm citation integration
# Install with: grund integrations wezterm --write
#
# 1. Terminal config — add to ~/.config/wezterm/wezterm.lua:

-- grund citation integration for WezTerm.
-- Makes a §<ID> citation in the terminal Ctrl/Cmd-clickable: the click resolves
-- the citation with `grund` and opens the declaration in your editor via the
-- installed `grund-open` resolver (§FS-integrations).
--
-- WezTerm applies hyperlink rules only from the config object you return, so add
-- one line where you build your config:
--
--     local config = wezterm.config_builder()
--     -- ... your settings ...
--     grund_apply_hyperlink_rule(config)   -- defined below
--     return config
--
-- (The open-uri handler below is global and needs no wiring.)
local wezterm = require 'wezterm'

-- Append grund's citation rule to config.hyperlink_rules, seeding WezTerm's
-- defaults first when the config carries none of its own. Every group is
-- non-capturing so the whole citation stays the $0 match.
--
-- The leading [^\w\s]{1,3} matches the citation marker without naming it:
-- `[reference] marker` is per-repo while this file is user-global and installed
-- once, so hardcoding § would leave every repo with a custom marker silently
-- unclickable. grund-open strips whatever punctuation this sweeps in.
function grund_apply_hyperlink_rule(config)
  config.hyperlink_rules = config.hyperlink_rules or wezterm.default_hyperlink_rules()
  table.insert(config.hyperlink_rules, {
    regex = '[^\\w\\s]{1,3}(?:[a-z][a-z0-9-]*/)?[A-Z]+-[a-z0-9][a-z0-9-]*(?:\\.[0-9]+)*',
    format = 'grund:$0',
  })
  -- Adding the peek binding here rather than in the scaffold means an existing
  -- config that already calls this function gets peek without re-wiring.
  -- WezTerm's own defaults still apply to anything not listed here.
  config.mouse_bindings = config.mouse_bindings or {}
  table.insert(config.mouse_bindings, grund_peek_mouse_binding())
end

-- Ctrl-click opens the declaration in your editor; Ctrl-Shift-click peeks at it
-- in a split pane instead (§FS-integrations.3.3). WezTerm has no hover event and
-- no link tooltip (wez/wezterm#4, open since 2018), so peek is the read-without-
-- leaving path here.
--
-- Lua cannot ask which link is under the mouse — only the built-in
-- OpenLinkAtMouseCursor knows that, and all it exposes is the resulting URI via
-- open-uri. window:current_event() does not carry modifiers either. So the
-- binding records the intent and delegates; the handler below reads it back.
-- This is safe because both run in one synchronous event, not across ticks.
grund_peek_requested = false

function grund_peek_mouse_binding()
  return {
    event = { Up = { streak = 1, button = 'Left' } },
    mods = 'CTRL|SHIFT',
    action = wezterm.action_callback(function(window, pane)
      grund_peek_requested = true
      window:perform_action(wezterm.action.OpenLinkAtMouseCursor, pane)
      -- Cleared here too: a Ctrl-Shift-click on non-link text never reaches
      -- open-uri, and a stale flag would turn the next plain click into a peek.
      grund_peek_requested = false
    end),
  }
end

-- Resolve a grund: URI by handing the citation to grund-open.
wezterm.on('open-uri', function(window, pane, uri)
  local citation = uri:match '^grund:(.+)$'
  if citation then
    if grund_peek_requested then
      grund_peek_requested = false
      window:perform_action(
        wezterm.action.SplitPane {
          direction = 'Right',
          size = { Percent = 45 },
          -- argv, never shell source: the citation is arbitrary screen text.
          command = { args = { 'grund-open', '--peek', citation } },
        },
        pane
      )
    else
      wezterm.background_child_process { 'grund-open', citation }
    end
    return false -- handled; don't let WezTerm open it as a normal URL
  end
end)

# 2. Resolver — install grund-open to a directory on PATH (e.g. ~/.local/bin):

#!/bin/sh
# grund-open — resolve a §<ID> citation to its cited line and open it.
#
# Installed by `grund integrations <client> --write` (§FS-integrations). A
# terminal integration hands this script the clicked token; the script resolves
# it with `grund` and opens the declaration in the user's editor. The editor is
# GRUND_OPEN_CMD when set, else EDITOR, else a platform default — the user's
# editor choice lives here, never in shared repository text. GRUND_OPEN_CMD is
# an argv-style command prefix; use a wrapper executable for custom placement.
#
# With --peek it prints the declaration through a pager instead, for clients that
# can put it in an overlay, popup, or split pane. Both modes share one resolution
# path so a peek and a click can never disagree about where a citation points.
#
# Usage: grund-open [--peek] <§ID | ID>[.<section>]
set -eu

peek=
if [ "${1:-}" = "--peek" ]; then
    peek=1
    shift
fi

token=${1:-}
[ -n "$token" ] || { echo "grund-open: no citation given" >&2; exit 2; }

# Find the grund root: the nearest ancestor holding `.agents/grund.toml`. The
# terminal hands us a token, never a directory, so the click may arrive with the
# shell anywhere — including a subdirectory, where a repo-root-relative path
# would not resolve. Everything below runs against this root
# (§FS-integrations.3.1).
root=$PWD
while [ "$root" != "/" ] && [ ! -f "$root/.agents/grund.toml" ]; do
    root=$(dirname "$root")
done
[ -f "$root/.agents/grund.toml" ] || {
    echo "grund-open: no .agents/grund.toml at or above $PWD" >&2
    exit 1
}

# Strip the citation marker without hardcoding one: `[reference] marker` is
# per-repo, so drop any leading run of non-alphanumeric characters instead of a
# literal §. This keeps a workspace-qualified `<alias>/<ID>` intact (the alias
# starts alphanumeric) and tolerates stray punctuation the terminal's match
# swept in, e.g. `(§FS-x`. The section suffix is deliberately kept: `grund`
# resolves `<ID>.<section>` to that section's own line.
id=$(printf '%s' "$token" | sed 's/^[^A-Za-z0-9]*//')
[ -n "$id" ] || { echo "grund-open: empty id in '$token'" >&2; exit 2; }

# Resolve the citation to path:line. `grund <ID>[.<section>] --format json` emits
# one object whose `path` is relative to the config root above and whose `line`
# is the cited section's line, not merely the declaration's (§FS-integrations.3.1).
json=$(cd "$root" && grund "$id" --format json 2>/dev/null) || json=''
[ -n "$json" ] || { echo "grund-open: unknown id '$id'" >&2; exit 1; }

# Anchor both extractions to the end of the object: `body` carries arbitrary
# declaration prose that may itself contain `"path":` or `"line":`, and an
# unanchored match would happily read that instead of the real field.
path=$(printf '%s\n' "$json" | sed -n 's/.*"path":"\([^"]*\)","line":[0-9]*}$/\1/p')
lineno=$(printf '%s\n' "$json" | sed -n 's/.*,"line":\([0-9]*\)}$/\1/p')
[ -n "$path" ] || { echo "grund-open: could not resolve path for '$id'" >&2; exit 1; }
lineno=${lineno:-1}

# Hand the editor an absolute path. `grund` never emits one (§FS-errors.4 keeps
# reports deterministic); composing it here is what makes the click work from a
# subdirectory.
path="$root/$path"

if [ -n "$peek" ]; then
    # Print, don't open. The caller has already put us somewhere disposable — a
    # kitty overlay, a tmux popup, a wezterm split — and every one of those
    # closes when this process exits, so the output goes through a pager to stay
    # readable until dismissed. The location header is what makes the peek
    # actionable: it is the same `path:line` a click would open.
    {
        printf '%s:%s\n\n' "$path" "$lineno"
        (cd "$root" && grund "$id") 2>/dev/null || printf 'could not render %s\n' "$id"
    } | {
        if [ -n "${PAGER:-}" ]; then
            # shellcheck disable=SC2086
            exec $PAGER
        elif command -v less >/dev/null 2>&1; then
            exec less -R
        else
            cat
            printf '\n[enter to close] '
            read -r _dismiss || true
        fi
    }
    exit 0
fi

if [ -n "${GRUND_OPEN_CMD:-}" ]; then
    # Never interpolate the repository-controlled path into shell source. The
    # command itself is user-controlled and may carry simple flags; it receives
    # one path:line argument. More complex layouts belong in a wrapper script.
    # shellcheck disable=SC2086
    set -f
    set -- $GRUND_OPEN_CMD
    set +f
    [ "$#" -gt 0 ] || { echo "grund-open: GRUND_OPEN_CMD contains no command" >&2; exit 2; }
    exec "$@" "$path:$lineno"
elif [ -n "${EDITOR:-}" ]; then
    # EDITOR may carry flags (e.g. "code -w" or "emacsclient -t"), so word-split
    # it, then pass the line in the syntax the editor understands: only the
    # vi/emacs family take "+LINE FILE"; VS Code / Sublime want "--goto
    # FILE:LINE"; helix/micro take "FILE:LINE". Unknown editors just open FILE.
    # shellcheck disable=SC2086
    set -- $EDITOR
    case $(basename "$1") in
        code|code-insiders|codium|vscodium|cursor|subl|sublime_text)
            exec "$@" --goto "$path:$lineno" ;;
        vi|vim|nvim|nano|emacs|emacsclient|kak)
            exec "$@" "+$lineno" "$path" ;;
        hx|micro)
            exec "$@" "$path:$lineno" ;;
        *)
            exec "$@" "$path" ;;
    esac
elif command -v code >/dev/null 2>&1; then
    exec code --goto "$path:$lineno"
else
    echo "grund-open: set GRUND_OPEN_CMD or EDITOR to open $path:$lineno" >&2
    exit 1
fi
