# grund tmux citation integration
# Install with: grund integrations tmux --write
#
# 1. Terminal config — add to ~/.tmux.conf:

# grund citation integration for tmux.
# tmux cannot make text clickable, so this binds a key that hands the copied
# buffer to the installed `grund-open` resolver, which resolves the §<ID>
# citation and opens its declaration (§FS-integrations).
# Paste into tmux.conf, or let `grund integrations tmux --write` manage it.
#
# prefix + g opens the citation currently copied to the tmux buffer; use copy
# mode to select a §<ID> first, then prefix + g. The buffer may also hold the
# location an agent printed beside a citation — `path:line` — which opens the
# same way: grund-open tells the two shapes apart itself (§FS-integrations.3.1).
#
# #{q:...} shell-quotes the buffer so the selection reaches grund-open as one
# argument, never evaluated as shell source — the buffer is arbitrary text.
#
# Both bindings cd to #{pane_current_path} first: run-shell and display-popup
# start in the tmux *server's* directory, not the pane's, and grund-open finds
# the repository by walking up from its working directory (§FS-integrations.3.1)
# — without the cd, a click works only when the server happened to start inside
# the repository. The path is #{q:}-quoted like the buffer.
bind-key g run-shell 'cd #{q:pane_current_path} && grund-open #{q:buffer_sample}'

# prefix + G peeks instead: the declaration opens in a popup over the session
# and closes when you quit the pager, so reading a citation costs no window
# switch (§FS-integrations.3.3). Requires tmux 3.2+ for display-popup; on older
# tmux this binding is inert and prefix + g still works.
bind-key G display-popup -E -w 80% -h 60% 'cd #{q:pane_current_path} && grund-open --peek #{q:buffer_sample}'

# 2. Resolver — install grund-open to a directory on PATH (e.g. ~/.local/bin):

#!/bin/sh
# grund-open — resolve a §<ID> citation to its cited line and open it.
#
# Installed by `grund integrations <client> --write` (§FS-integrations). A
# terminal integration hands this script the clicked token; the script resolves
# it with `grund` and opens the declaration in the user's editor. The editor is
# GRUND_OPEN_CMD when set, else EDITOR, else a platform default — the user's
# editor choice lives here, never in shared repository text. GRUND_OPEN_CMD is
# an argv-style command prefix; use a wrapper executable for custom placement.
#
# With --peek it prints the declaration through a pager instead, for clients that
# can put it in an overlay, popup, or split pane. Both modes share one resolution
# path so a peek and a click can never disagree about where a citation points.
#
# Usage: grund-open [--peek] <§ID | ID>[.<section>] | <path>:<line>[:<col>]
set -eu

peek=
if [ "${1:-}" = "--peek" ]; then
    peek=1
    shift
fi

token=${1:-}
[ -n "$token" ] || { echo "grund-open: no citation given" >&2; exit 2; }

# A *location* beside a citation — the `link` conversation form prints
# `§<ID> path:line` (§FS-integrations.3.1) — is openable too. The shapes are
# mechanically distinct: an ID's section suffix is dotted, never coloned, so a
# token whose final dot-extension segment ends in `:<line>[:<col>]` is a
# location. Detected before marker stripping, which would mangle a path; the
# lighter clean below drops swept-in punctuation while preserving `/ . ~`.
loc=$(printf '%s' "$token" | sed 's/^[^A-Za-z0-9_.~/]*//')
loc_path=$(printf '%s' "$loc" | sed -n 's/^\(.*\.[A-Za-z0-9][A-Za-z0-9]*\):\([0-9][0-9]*\)\(:[0-9][0-9]*\)\{0,1\}$/\1/p')
loc_line=$(printf '%s' "$loc" | sed -n 's/^\(.*\.[A-Za-z0-9][A-Za-z0-9]*\):\([0-9][0-9]*\)\(:[0-9][0-9]*\)\{0,1\}$/\2/p')

id=''
root=''
path=''
lineno=''
if [ -n "$loc_path" ]; then
    # The printed path is config-root-relative while the click may arrive with
    # the shell anywhere in the tree, so climb ancestors, nearest first, until
    # the relative path exists. No `grund` and no config is consulted: a
    # location click works in any repository, grund-using or not.
    case $loc_path in
        /*) if [ -f "$loc_path" ]; then path=$loc_path; fi ;;
        *)
            dir=$PWD
            while :; do
                if [ -f "$dir/$loc_path" ]; then
                    path=$dir/$loc_path
                    break
                fi
                [ "$dir" = "/" ] && break
                dir=$(dirname "$dir")
            done
            ;;
    esac
    [ -n "$path" ] || { echo "grund-open: no file '$loc_path' at or above $PWD" >&2; exit 1; }
    lineno=$loc_line
fi

if [ -z "$path" ]; then
# Strip the citation marker without hardcoding one: `[reference] marker` is
# per-repo, so drop any leading run of non-alphanumeric characters instead of a
# literal §. This keeps a workspace-qualified `<alias>/<ID>` intact (the alias
# starts alphanumeric) and tolerates stray punctuation the terminal's match
# swept in, e.g. `(§FS-x`. The section suffix is deliberately kept: `grund`
# resolves `<ID>.<section>` to that section's own line.
id=$(printf '%s' "$token" | sed 's/^[^A-Za-z0-9]*//')
[ -n "$id" ] || { echo "grund-open: empty id in '$token'" >&2; exit 2; }

# Find the root and resolve in one climb (§FS-integrations.3.1). The terminal
# hands us a token, never a directory, so the click may arrive with the shell
# anywhere in the tree. Try every ancestor holding a config under either
# discovery name (§FS-config.1) — a repository on the bare root `grund.toml`
# `grund init` generates is as much a config root as one on `.agents/`, and
# probing only the latter would leave every default-form repository
# unclickable. Which name is found does not matter here: both name the same
# config root, and `grund` itself re-runs the same discovery from that
# directory. Nearest first — nearest alone is not enough: from inside a workspace member
# the member's config resolves its own bare IDs, but a workspace-qualified
# `<alias>/<ID>` only resolves from the workspace root above it, so on failure
# the climb continues upward instead of giving up.
#
# `grund <ID>[.<section>] --format json` emits one object whose `path` is
# relative to the root it ran in and whose `line` is the cited section's line,
# not merely the declaration's.
json=''
seen_config=''
dir=$PWD
while :; do
    if [ -f "$dir/grund.toml" ] || [ -f "$dir/.agents/grund.toml" ]; then
        seen_config=1
        if json=$(cd "$dir" && grund "$id" --format json 2>/dev/null) && [ -n "$json" ]; then
            root=$dir
            break
        fi
        json=''
    fi
    [ "$dir" = "/" ] && break
    dir=$(dirname "$dir")
done
[ -n "$seen_config" ] || {
    echo "grund-open: no grund.toml (root or .agents/) at or above $PWD" >&2
    exit 1
}
[ -n "$root" ] || { echo "grund-open: unknown id '$id'" >&2; exit 1; }

# Anchor both extractions to the end of the object: `body` carries arbitrary
# declaration prose that may itself contain `"path":` or `"line":`, and an
# unanchored match would happily read that instead of the real field. A
# directory-backed E2E declaration answers with the manifest shape instead
# (§FS-show.2.4) — no `body` and no `"line"` — so its fallback anchors on the
# grund-controlled prefix, and the case *directory* is what opens.
path=$(printf '%s\n' "$json" | sed -n 's/.*"path":"\([^"]*\)","line":[0-9]*}$/\1/p')
lineno=$(printf '%s\n' "$json" | sed -n 's/.*,"line":\([0-9]*\)}$/\1/p')
if [ -z "$path" ]; then
    path=$(printf '%s\n' "$json" | sed -n 's/^{"id":"[^"]*","kind":"E2E","path":"\([^"]*\)".*/\1/p')
    lineno=''
fi
[ -n "$path" ] || { echo "grund-open: could not resolve path for '$id'" >&2; exit 1; }
lineno=${lineno:-1}

# Hand the editor an absolute path. `grund` never emits one (§FS-errors.4 keeps
# reports deterministic); composing it here is what makes the click work from a
# subdirectory. An E2E case resolves to its directory, where a `:line` suffix
# would garble the argument, so the target drops it.
path="$root/$path"
fi

if [ -d "$path" ]; then
    target=$path
else
    target="$path:$lineno"
fi

if [ -n "$peek" ]; then
    # Print, don't open. The caller has already put us somewhere disposable — a
    # kitty overlay, a tmux popup, a wezterm split — and every one of those
    # closes when this process exits, so the output goes through a pager to stay
    # readable until dismissed. The location header is what makes the peek
    # actionable: it is the same `path:line` a click would open.
    {
        printf '%s\n\n' "$target"
        if [ -n "$id" ]; then
            (cd "$root" && grund "$id") 2>/dev/null || printf 'could not render %s\n' "$id"
        else
            # A location has no declaration to render; page the file from the
            # cited line — the header above names the exact path:line.
            tail -n "+$lineno" "$path"
        fi
    } | {
        if [ -n "${PAGER:-}" ]; then
            # shellcheck disable=SC2086
            exec $PAGER
        elif command -v less >/dev/null 2>&1; then
            exec less -R
        else
            cat
            printf '\n[enter to close] '
            read -r _dismiss || true
        fi
    }
    exit 0
fi

if [ -n "${GRUND_OPEN_CMD:-}" ]; then
    # Never interpolate the repository-controlled path into shell source. The
    # command itself is user-controlled and may carry simple flags; it receives
    # one path:line argument. More complex layouts belong in a wrapper script.
    # shellcheck disable=SC2086
    set -f
    set -- $GRUND_OPEN_CMD
    set +f
    [ "$#" -gt 0 ] || { echo "grund-open: GRUND_OPEN_CMD contains no command" >&2; exit 2; }
    exec "$@" "$target"
elif [ -n "${EDITOR:-}" ]; then
    # EDITOR may carry flags (e.g. "code -w" or "emacsclient -t"), so word-split
    # it, then pass the line in the syntax the editor understands: only the
    # vi/emacs family take "+LINE FILE"; VS Code / Sublime want "--goto
    # FILE:LINE"; helix/micro take "FILE:LINE". Unknown editors just open FILE,
    # and a directory target always opens bare.
    # shellcheck disable=SC2086
    set -- $EDITOR
    if [ -d "$path" ]; then
        exec "$@" "$path"
    fi
    case $(basename "$1") in
        code|code-insiders|codium|vscodium|cursor|subl|sublime_text)
            exec "$@" --goto "$path:$lineno" ;;
        vi|vim|nvim|nano|emacs|emacsclient|kak)
            exec "$@" "+$lineno" "$path" ;;
        hx|micro)
            exec "$@" "$path:$lineno" ;;
        *)
            exec "$@" "$path" ;;
    esac
else
    # No editor named at all — often a click relayed from a GUI process whose
    # environment never saw the user's shell profile. Fall back to the VS Code
    # family, which is discoverable by binary name and takes --goto.
    for fallback in code codium code-insiders; do
        if command -v "$fallback" >/dev/null 2>&1; then
            if [ -d "$path" ]; then
                exec "$fallback" "$path"
            fi
            exec "$fallback" --goto "$path:$lineno"
        fi
    done
    echo "grund-open: set GRUND_OPEN_CMD or EDITOR to open $target" >&2
    exit 1
fi
